// Jest Snapshot v1, https://goo.gl/fbAQLP

exports[`Wrappers / List Poems shall have slot default 1`] = `"<div data-test=\\"wrappers-list-poems\\" class=\\"list-poems\\">This is slot \\"default\\" test.</div>"`;

exports[`Wrappers / List Poems shall render 1`] = `"<div data-test=\\"wrappers-list-poems\\" class=\\"list-poems\\"></div>"`;
