// Jest Snapshot v1, https://goo.gl/fbAQLP

exports[`Wrappers / List Stories Unit Randomize: false shall { metaPostStories } match snapshot 1`] = `
[
  DTOMetaPostStory {},
  DTOMetaPostStory {},
  DTOMetaPostStory {},
  DTOMetaPostStory {},
  DTOMetaPostStory {},
  DTOMetaPostStory {},
  DTOMetaPostStory {},
  DTOMetaPostStory {},
  DTOMetaPostStory {},
  DTOMetaPostStory {},
]
`;

exports[`Wrappers / List Stories Unit Randomize: true shall { metaPostStories } match snapshot 1`] = `
[
  DTOMetaPostStory {},
  DTOMetaPostStory {},
  DTOMetaPostStory {},
  DTOMetaPostStory {},
  DTOMetaPostStory {},
  DTOMetaPostStory {},
  DTOMetaPostStory {},
  DTOMetaPostStory {},
  DTOMetaPostStory {},
  DTOMetaPostStory {},
]
`;

exports[`Wrappers / List Stories Unit shall pass unit sanity test 1`] = `"<div class="list-stories">This is slot "default" test.</div>"`;
