// Jest Snapshot v1, https://goo.gl/fbAQLP

exports[`Page / Error Integration shall pass integration sanity test 1`] = `
"<article class="page-error">
  <div aria-label="Animacja przedstawia rozdymkę unoszącą się na wodzie" class="animation-pufferfish"><img srcset="./images/puffer-fish.1x.webp 1x, ./images/puffer-fish.2x.webp 2x" src="./images/puffer-fish.1x.webp" width="200" height="168" class="animation-pufferfish__fish"> <img srcset="./images/wave.1x.webp 1x, ./images/wave.2x.webp 2x" src="./images/wave.1x.webp" width="162" height="48" class="animation-pufferfish__wave animation-pufferfish__wave--1"><img srcset="./images/wave.1x.webp 1x, ./images/wave.2x.webp 2x" src="./images/wave.1x.webp" width="162" height="48" class="animation-pufferfish__wave animation-pufferfish__wave--2"><img srcset="./images/wave.1x.webp 1x, ./images/wave.2x.webp 2x" src="./images/wave.1x.webp" width="162" height="48" class="animation-pufferfish__wave animation-pufferfish__wave--3"></div>
  <section class="section page-meta-404">
    <div data-test="wrappers-section-header" class="section__header">
      <h1 class="title title--design-1 title--underscore">Porobiło się!</h1>
    </div>
    <div class="section__inner">
      <div class="text">
        <p>Strona, której szukasz nie istnieje lub została usunięta!</p>
      </div>
    </div>
    <div data-test="wrappers-section-footer" class="section__footer">
      <nuxtlink to="/" class="link link--button">Wróć na Stronę Główną</nuxtlink>
    </div>
  </section>
</article>"
`;

exports[`Page / Error Unit shall head match snapshot 1`] = `
{
  "meta": [
    {
      "content": "noindex, follow",
      "hid": "meta:robots",
      "name": "robots",
    },
    {
      "content": "Porobiło się! Niestety strona, której szukasz nie istnieje!",
      "hid": "meta:description",
      "name": "description",
    },
    {
      "content": "Strony nie znaleziono • 169cm.pl",
      "hid": "meta:og:title",
      "property": "og:title",
    },
    {
      "content": "Porobiło się! Niestety strona, której szukasz nie istnieje!",
      "hid": "meta:og:description",
      "property": "og:description",
    },
  ],
  "script": [
    {
      "json": {
        "@context": "http://schema.org",
        "@graph": [
          {
            "@id": "https://169cm.pl/#organization",
            "@type": "Organization",
            "image": {
              "@id": "https://169cm.pl/#logo",
            },
            "logo": {
              "@id": "https://169cm.pl/#logo",
              "@type": "ImageObject",
              "caption": "169cm.pl",
              "contentUrl": "https://169cm.pl/images/common.logo.png",
              "height": 224,
              "inLanguage": "pl-PL",
              "url": "https://169cm.pl/images/common.logo.png",
              "width": 448,
            },
            "name": "169cm.pl",
            "sameAs": [
              "https://facebook.com/169cmpl",
              "https://soundcloud.com/169cmpl",
            ],
            "url": "https://169cm.pl/",
          },
          {
            "@id": "https://169cm.pl/#website",
            "@type": "WebSite",
            "description": "Liczy się każda historia!",
            "inLanguage": "pl-PL",
            "name": "169cm.pl",
            "publisher": {
              "@id": "https://169cm.pl/#organization",
            },
            "url": "https://169cm.pl/",
          },
        ],
      },
      "type": "application/ld+json",
    },
  ],
  "title": "Strony nie znaleziono • 169cm.pl",
}
`;
