// Jest Snapshot v1, https://goo.gl/fbAQLP

exports[`Blocks / Poems First Time Integration shall pass integration sanity test 1`] = `
"<section class=\\"section poems-first-time\\">
  <div data-test=\\"wrappers-section-header\\" class=\\"section__header\\">
    <h2 class=\\"title title--design-2 title--underscore\\">Pierwszy raz?</h2>
  </div>
  <div class=\\"section__inner\\">
    <div class=\\"text\\">
      <p>Chcesz dowiedzieć&nbsp;się więcej o&nbsp;Poezji&nbsp;3.14?</p>
    </div>
  </div>
  <div data-test=\\"wrappers-section-footer\\" class=\\"section__footer\\">
    <nuxtlink to=\\"/poezja-314/\\" class=\\"button-link\\">Tak, z przyjemnością!</nuxtlink>
  </div>
</section>"
`;

exports[`Blocks / Poems First Time Unit shall pass unit sanity test | hide 1`] = `""`;

exports[`Blocks / Poems First Time Unit shall pass unit sanity test | show 1`] = `
"<wrapperssection-stub class=\\"poems-first-time\\">
  <wrapperstext-stub>
    <p>Chcesz dowiedzieć&nbsp;się więcej o&nbsp;Poezji&nbsp;3.14?</p>
  </wrapperstext-stub>
</wrapperssection-stub>"
`;
