// Jest Snapshot v1, https://goo.gl/fbAQLP

exports[`Poems / Dysonans Unit shall pass unit sanity test 1`] = `
"<div data-test=\\"poems-dysonans\\" class=\\"dysonans\\">
  <p>
    Czasami <span class=\\"dysonans__superscript\\">sztuka wysoka</span></p>
  <p>
    to
  </p>
  <p>
    kompletne <span class=\\"dysonans__subscript\\">dno.</span></p>
</div>"
`;
