// Jest Snapshot v1, https://goo.gl/fbAQLP

exports[`Components / Progress Bar Integration shall pass integration sanity test 1`] = `
"<nav class=\\"navigation-footer\\">
  <ul class=\\"navigation\\">
    <li class=\\"navigation__item\\">
      <nuxtlink to=\\"/polityka-prywatnosci/\\" class=\\"link-text\\">Polityka prywatności</nuxtlink>
    </li>
    <li class=\\"navigation__item\\"><button type=\\"button\\" data-test=\\"open-privacy-modal\\" class=\\"button-text\\">Ustawienia prywatności</button></li>
  </ul>
</nav>"
`;

exports[`Components / Progress Bar Unit shall pass unit sanity test 1`] = `
"<nav class=\\"navigation-footer\\">
  <wrappersnavigation-stub>
    <componentslinktext-stub label=\\"Polityka prywatności\\" to=\\"/polityka-prywatnosci/\\"></componentslinktext-stub>
    <componentsbuttontext-stub data-test=\\"open-privacy-modal\\" label=\\"Ustawienia prywatności\\"></componentsbuttontext-stub>
  </wrappersnavigation-stub>
</nav>"
`;
