// Jest Snapshot v1, https://goo.gl/fbAQLP

exports[`Utils / DTO / Poem Post Excerpt shall format data properly 1`] = `
Object {
  "coverImage": "/cover-image-url.webp",
  "coverImage2x": "/cover-image-url-2x.webp",
  "datePublished": "Mocked date formatter",
  "id": "123",
  "isAudiobook": true,
  "readingTime": "Mocked time formatter",
  "title": "Test title",
  "url": "/test-url",
}
`;
