// Jest Snapshot v1, https://goo.gl/fbAQLP

exports[`Utils / Factory / Head / Post / Story shall match snapshot 1`] = `
{
  "link": [
    {
      "hid": "link:canonical",
      "href": "https://169cm.pl/opowiadania/proste-rzeczy/",
      "rel": "canonical",
    },
  ],
  "meta": [
    {
      "content": "Rano dwie rzeczy potrafiły ją obudzić – kubek wypełniony czarnym płynem z kofeiną lub jego palce delikatnie muskające jej ciało.",
      "hid": "meta:description",
      "name": "description",
    },
    {
      "content": "article",
      "hid": "meta:og:type",
      "property": "og:type",
    },
    {
      "content": "Proste rzeczy • Opowiadania • 169cm.pl",
      "hid": "meta:og:title",
      "property": "og:title",
    },
    {
      "content": "Rano dwie rzeczy potrafiły ją obudzić – kubek wypełniony czarnym płynem z kofeiną lub jego palce delikatnie muskające jej ciało.",
      "hid": "meta:og:description",
      "property": "og:description",
    },
    {
      "content": "https://169cm.pl/opowiadania/proste-rzeczy/",
      "hid": "meta:og:url",
      "property": "og:url",
    },
    {
      "content": "https://169cm.pl/images/opowiadania.proste-rzeczy.opengraph.jpg",
      "hid": "meta:og:image",
      "property": "og:image",
    },
    {
      "content": "https://facebook.com/169cmpl",
      "property": "article:publisher",
    },
    {
      "content": "2021-02-14T12:31:27.000Z",
      "hid": "meta:article:modified_time",
      "property": "article:modified_time",
    },
    {
      "content": "2019-04-06T17:50:57.000Z",
      "hid": "meta:article:published_time",
      "property": "article:published_time",
    },
    {
      "content": "https://facebook.com/169cmpl",
      "property": "article:author",
    },
    {
      "content": "https://169cm.pl/images/opowiadania.proste-rzeczy.opengraph.jpg",
      "hid": "meta:twitter:image",
      "name": "twitter:image",
    },
    {
      "content": "Szacowany czas czytania",
      "name": "twitter:label1",
    },
    {
      "content": "31 minut",
      "hid": "meta:twitter:data1",
      "name": "twitter:data1",
    },
    {
      "content": "@radoslawkalamon",
      "name": "twitter:creator",
    },
    {
      "content": "Napisane przez",
      "name": "twitter:label2",
    },
    {
      "content": "Radosław Kalamon",
      "name": "twitter:data2",
    },
  ],
  "script": [
    {
      "json": {
        "@context": "http://schema.org",
        "@graph": [
          {
            "@id": "https://169cm.pl/#organization",
            "@type": "Organization",
            "image": {
              "@id": "https://169cm.pl/#logo",
            },
            "logo": {
              "@id": "https://169cm.pl/#logo",
              "@type": "ImageObject",
              "caption": "169cm.pl",
              "contentUrl": "https://169cm.pl/images/common.logo.png",
              "height": 224,
              "inLanguage": "pl-PL",
              "url": "https://169cm.pl/images/common.logo.png",
              "width": 448,
            },
            "name": "169cm.pl",
            "sameAs": [
              "https://facebook.com/169cmpl",
              "https://soundcloud.com/169cmpl",
            ],
            "url": "https://169cm.pl/",
          },
          {
            "@id": "https://169cm.pl/#website",
            "@type": "WebSite",
            "description": "Liczy się każda historia!",
            "inLanguage": "pl-PL",
            "name": "169cm.pl",
            "publisher": {
              "@id": "https://169cm.pl/#organization",
            },
            "url": "https://169cm.pl/",
          },
          {
            "@id": "https://169cm.pl/opowiadania/proste-rzeczy/#primaryimage",
            "@type": "ImageObject",
            "contentUrl": "https://169cm.pl/images/opowiadania.proste-rzeczy.opengraph.jpg",
            "height": 630,
            "hid": "schema:ImageObject",
            "inLanguage": "pl-PL",
            "url": "https://169cm.pl/images/opowiadania.proste-rzeczy.opengraph.jpg",
            "width": 1200,
          },
          {
            "@id": "https://169cm.pl/opowiadania/proste-rzeczy/#webpage",
            "@type": "WebPage",
            "about": {
              "@id": "https://169cm.pl/#organization",
            },
            "breadcrumb": {
              "@id": "https://169cm.pl/opowiadania/proste-rzeczy/#breadcrumb",
            },
            "dateModified": "2021-02-14T12:31:27.000Z",
            "datePublished": "2019-04-06T17:50:57.000Z",
            "inLanguage": "pl-PL",
            "isPartOf": {
              "@id": "https://169cm.pl/#website",
            },
            "name": "Proste rzeczy • Opowiadania • 169cm.pl",
            "potentialAction": [
              {
                "@type": "ReadAction",
                "target": [
                  "https://169cm.pl/opowiadania/proste-rzeczy/",
                ],
              },
            ],
            "primaryImageOfPage": {
              "@id": "https://169cm.pl/opowiadania/proste-rzeczy/#primaryimage",
            },
            "url": "https://169cm.pl/",
          },
          {
            "@id": "https://169cm.pl/opowiadania/proste-rzeczy/#breadcrumb",
            "@type": "BreadcrumbList",
            "itemListElement": [
              {
                "@type": "ListItem",
                "item": "https://169cm.pl/",
                "name": "169cm.pl",
                "position": 1,
              },
              {
                "@type": "ListItem",
                "item": "https://169cm.pl/opowiadania/",
                "name": "Opowiadania",
                "position": 2,
              },
              {
                "@type": "ListItem",
                "item": "https://169cm.pl/opowiadania/proste-rzeczy/",
                "name": "Proste rzeczy",
                "position": 3,
              },
            ],
          },
          {
            "@id": "https://169cm.pl/opowiadania/proste-rzeczy/#article",
            "@type": "Article",
            "articleSection": [
              "Opowiadania",
            ],
            "author": {
              "@id": "https://169cm.pl/#person/radoslaw-kalamon",
            },
            "dateModified": "2021-02-14T12:31:27.000Z",
            "datePublished": "2019-04-06T17:50:57.000Z",
            "headline": "Proste rzeczy • Opowiadania • 169cm.pl",
            "image": {
              "@id": "https://169cm.pl/opowiadania/proste-rzeczy/#primaryimage",
            },
            "inLanguage": "pl-PL",
            "isPartOf": {
              "@id": "https://169cm.pl/opowiadania/proste-rzeczy/#webpage",
            },
            "mainEntityOfPage": {
              "@id": "https://169cm.pl/opowiadania/proste-rzeczy/#webpage",
            },
            "publisher": {
              "@id": "https://169cm.pl/#organization",
            },
            "thumbnailUrl": "https://169cm.pl/images/opowiadania.proste-rzeczy.opengraph.jpg",
          },
          {
            "@id": "https://169cm.pl/#person/radoslaw-kalamon",
            "@type": "Person",
            "name": "Radosław Kalamon",
            "sameAs": [
              "https://radoslawkalamon.pl",
              "https://instagram.com/radoslawkalamon/",
              "https://twitter.com/radoslawkalamon",
            ],
          },
        ],
      },
      "type": "application/ld+json",
    },
  ],
  "title": "Proste rzeczy • Opowiadania • 169cm.pl",
}
`;
